// Jest Snapshot v1, https://goo.gl/fbAQLP

exports[`App should have a greeting as the title 1`] = `
<body>
  <div>
    <div
      class="container mt-5"
    >
      <div
        class="row mb-5"
      >
        <h1>
          Powerlifting Tracker
        </h1>
      </div>
      <form>
        <div
          class="form-group row mb-5"
        >
          <label
            class="col-sm-2 col-form-label"
            for="exerciseSelect"
          >
            Exercise
          </label>
          <div
            class="col-sm-10"
          >
            <select
              class="form-control form-control-lg col-sm-10"
              id="exerciseSelect"
            >
              <option>
                Squat
              </option>
              <option>
                Bench
              </option>
              <option>
                Deadlift
              </option>
              <option>
                Shoulder Press
              </option>
            </select>
          </div>
        </div>
        <div
          class="form-group row mb-5"
        >
          <label
            class="col-2 col-form-label"
            for="weight"
          >
            Weight
          </label>
          <div
            class="col-4"
          >
            <input
              class="form-control"
              id="weight"
              type="number"
              value=""
            />
          </div>
          <label
            class="col-2 col-form-label"
            for="reps"
          >
            Reps
          </label>
          <div
            class="col-4"
          >
            <input
              class="form-control"
              id="reps"
              type="number"
              value=""
            />
          </div>
        </div>
      </form>
    </div>
  </div>
</body>
`;
